// Jest Snapshot v1, https://goo.gl/fbAQLP

exports[`chat view page show existing chat messages 1`] = `
<div>
  <div
    id="chatContainer"
  >
    <header>
      <h1>
        Chat page
      </h1>
    </header>
    <main
      id="chatLog"
    >
      <div
        class="message"
        keys="1"
      >
        <strong>
          Hanne
        </strong>
        Hello
      </div>
      <div
        class="message"
        keys="2"
      >
        <strong>
          User 2
        </strong>
        Welcome, Hanne
      </div>
    </main>
    <div>
      <form>
        <input
          type="text"
          value=""
        />
        <button>
          Click here first to save message
        </button>
        <button>
          Send
        </button>
      </form>
    </div>
  </div>
</div>
`;
